Command line invocation:
    /Applications/Xcode.app/Contents/Developer/usr/bin/xcodebuild build -scheme Hermes -configuration Release -derivedDataPath ./build/DerivedData CODE_SIGN_IDENTITY=- CODE_SIGNING_REQUIRED=NO

Build settings from command line:
    CODE_SIGN_IDENTITY = -
    CODE_SIGNING_REQUIRED = NO

2026-03-23 17:42:02.778 xcodebuild[8340:89579] [MT] IDERunDestination: Supported platforms for the buildables in the current scheme is empty.
--- xcodebuild: WARNING: Using the first of multiple matching destinations:
{ platform:macOS, arch:arm64, id:00008132-001830510CD3801C, name:My Mac }
{ platform:macOS, arch:x86_64, id:00008132-001830510CD3801C, name:My Mac }
{ platform:macOS, name:Any Mac }
note: Using codesigning identity override: -
ComputePackagePrebuildTargetDependencyGraph

Prepare packages

CreateBuildRequest

SendProjectDescription

CreateBuildOperation

ComputeTargetDependencyGraph
note: Building targets in dependency order
note: Target dependency graph (1 target)
    Target 'Hermes' in project 'Hermes' (no dependencies)

GatherProvisioningInputs

CreateBuildDescription

ExecuteExternalTool /Applications/Xcode.app/Contents/Developer/Toolchains/XcodeDefault.xctoolchain/usr/bin/clang -v -E -dM -isysroot /Applications/Xcode.app/Contents/Developer/Platforms/MacOSX.platform/Developer/SDKs/MacOSX26.2.sdk -x c -c /dev/null

ExecuteExternalTool /Applications/Xcode.app/Contents/Developer/usr/bin/actool --version --output-format xml1

ExecuteExternalTool /Applications/Xcode.app/Contents/Developer/Toolchains/XcodeDefault.xctoolchain/usr/bin/swiftc --version

ExecuteExternalTool /Applications/Xcode.app/Contents/Developer/Toolchains/XcodeDefault.xctoolchain/usr/bin/ld -version_details

Build description signature: 4d3ccb476fcb70b7bbf22b6c4ebb7e91
Build description path: /Volumes/HAS2T/Project/HeraStudio/Hermes/build/DerivedData/Build/Intermediates.noindex/XCBuildData/4d3ccb476fcb70b7bbf22b6c4ebb7e91.xcbuilddata
ClangStatCache /Applications/Xcode.app/Contents/Developer/Toolchains/XcodeDefault.xctoolchain/usr/bin/clang-stat-cache /Applications/Xcode.app/Contents/Developer/Platforms/MacOSX.platform/Developer/SDKs/MacOSX26.2.sdk /Volumes/HAS2T/Project/HeraStudio/Hermes/build/DerivedData/SDKStatCaches.noindex/macosx26.2-25C58-00fa09913b459cbbc988d1f6730289ae.sdkstatcache
    cd /Volumes/HAS2T/Project/HeraStudio/Hermes/Hermes.xcodeproj
    /Applications/Xcode.app/Contents/Developer/Toolchains/XcodeDefault.xctoolchain/usr/bin/clang-stat-cache /Applications/Xcode.app/Contents/Developer/Platforms/MacOSX.platform/Developer/SDKs/MacOSX26.2.sdk -o /Volumes/HAS2T/Project/HeraStudio/Hermes/build/DerivedData/SDKStatCaches.noindex/macosx26.2-25C58-00fa09913b459cbbc988d1f6730289ae.sdkstatcache

SwiftDriver Hermes normal arm64 com.apple.xcode.tools.swift.compiler (in target 'Hermes' from project 'Hermes')
    cd /Volumes/HAS2T/Project/HeraStudio/Hermes
    builtin-SwiftDriver -- /Applications/Xcode.app/Contents/Developer/Toolchains/XcodeDefault.xctoolchain/usr/bin/swiftc -module-name Hermes -O -whole-module-optimization -enforce-exclusivity\=checked @/Volumes/HAS2T/Project/HeraStudio/Hermes/build/DerivedData/Build/Intermediates.noindex/Hermes.build/Release/Hermes.build/Objects-normal/arm64/Hermes.SwiftFileList -default-isolation\=MainActor -enable-bare-slash-regex -enable-upcoming-feature DisableOutwardActorInference -enable-upcoming-feature InferSendableFromCaptures -enable-upcoming-feature GlobalActorIsolatedTypesUsability -enable-upcoming-feature MemberImportVisibility -enable-upcoming-feature InferIsolatedConformances -enable-upcoming-feature NonisolatedNonsendingByDefault -enable-experimental-feature DebugDescriptionMacro -sdk /Applications/Xcode.app/Contents/Developer/Platforms/MacOSX.platform/Developer/SDKs/MacOSX26.2.sdk -target arm64-apple-macos26.2 -g -module-cache-path /Volumes/HAS2T/Project/HeraStudio/Hermes/build/DerivedData/ModuleCache.noindex -Xfrontend -serialize-debugging-options -swift-version 5 -I /Volumes/HAS2T/Project/HeraStudio/Hermes/build/DerivedData/Build/Products/Release -F /Volumes/HAS2T/Project/HeraStudio/Hermes/build/DerivedData/Build/Products/Release -emit-localized-strings -emit-localized-strings-path /Volumes/HAS2T/Project/HeraStudio/Hermes/build/DerivedData/Build/Intermediates.noindex/Hermes.build/Release/Hermes.build/Objects-normal/arm64 -c -num-threads 10 -Xcc -ivfsstatcache -Xcc /Volumes/HAS2T/Project/HeraStudio/Hermes/build/DerivedData/SDKStatCaches.noindex/macosx26.2-25C58-00fa09913b459cbbc988d1f6730289ae.sdkstatcache -output-file-map /Volumes/HAS2T/Project/HeraStudio/Hermes/build/DerivedData/Build/Intermediates.noindex/Hermes.build/Release/Hermes.build/Objects-normal/arm64/Hermes-OutputFileMap.json -use-frontend-parseable-output -save-temps -no-color-diagnostics -explicit-module-build -module-cache-path /Volumes/HAS2T/Project/HeraStudio/Hermes/build/DerivedData/Build/Intermediates.noindex/SwiftExplicitPrecompiledModules -clang-scanner-module-cache-path /Volumes/HAS2T/Project/HeraStudio/Hermes/build/DerivedData/ModuleCache.noindex -sdk-module-cache-path /Volumes/HAS2T/Project/HeraStudio/Hermes/build/DerivedData/ModuleCache.noindex -serialize-diagnostics -emit-dependencies -emit-module -emit-module-path /Volumes/HAS2T/Project/HeraStudio/Hermes/build/DerivedData/Build/Intermediates.noindex/Hermes.build/Release/Hermes.build/Objects-normal/arm64/Hermes.swiftmodule -validate-clang-modules-once -clang-build-session-file /Volumes/HAS2T/Project/HeraStudio/Hermes/build/DerivedData/ModuleCache.noindex/Session.modulevalidation -Xcc -I/Volumes/HAS2T/Project/HeraStudio/Hermes/build/DerivedData/Build/Intermediates.noindex/Hermes.build/Release/Hermes.build/swift-overrides.hmap -emit-const-values -Xfrontend -const-gather-protocols-file -Xfrontend /Volumes/HAS2T/Project/HeraStudio/Hermes/build/DerivedData/Build/Intermediates.noindex/Hermes.build/Release/Hermes.build/Objects-normal/arm64/Hermes_const_extract_protocols.json -Xcc -iquote -Xcc /Volumes/HAS2T/Project/HeraStudio/Hermes/build/DerivedData/Build/Intermediates.noindex/Hermes.build/Release/Hermes.build/Hermes-generated-files.hmap -Xcc -I/Volumes/HAS2T/Project/HeraStudio/Hermes/build/DerivedData/Build/Intermediates.noindex/Hermes.build/Release/Hermes.build/Hermes-own-target-headers.hmap -Xcc -I/Volumes/HAS2T/Project/HeraStudio/Hermes/build/DerivedData/Build/Intermediates.noindex/Hermes.build/Release/Hermes.build/Hermes-all-target-headers.hmap -Xcc -iquote -Xcc /Volumes/HAS2T/Project/HeraStudio/Hermes/build/DerivedData/Build/Intermediates.noindex/Hermes.build/Release/Hermes.build/Hermes-project-headers.hmap -Xcc -I/Volumes/HAS2T/Project/HeraStudio/Hermes/build/DerivedData/Build/Products/Release/include -Xcc -I/Volumes/HAS2T/Project/HeraStudio/Hermes/build/DerivedData/Build/Intermediates.noindex/Hermes.build/Release/Hermes.build/DerivedSources-normal/arm64 -Xcc -I/Volumes/HAS2T/Project/HeraStudio/Hermes/build/DerivedData/Build/Intermediates.noindex/Hermes.build/Release/Hermes.build/DerivedSources/arm64 -Xcc -I/Volumes/HAS2T/Project/HeraStudio/Hermes/build/DerivedData/Build/Intermediates.noindex/Hermes.build/Release/Hermes.build/DerivedSources -emit-objc-header -emit-objc-header-path /Volumes/HAS2T/Project/HeraStudio/Hermes/build/DerivedData/Build/Intermediates.noindex/Hermes.build/Release/Hermes.build/Objects-normal/arm64/Hermes-Swift.h -working-directory /Volumes/HAS2T/Project/HeraStudio/Hermes -no-emit-module-separately-wmo

SwiftCompile normal arm64 Compiling\ AppDelegate.swift,\ AppState.swift,\ FloatingWindowController.swift,\ HotKeyManager.swift,\ OCRService.swift,\ ScreenshotService.swift,\ TranslationService.swift,\ AnnotationCanvas.swift,\ AnnotationModels.swift,\ HideScrollIndicators.swift,\ JapaneseColorPicker.swift,\ JapaneseColors.swift,\ ModernButton.swift,\ Theme.swift,\ VisualEffectBlur.swift,\ ScreenshotResultView.swift,\ TranslationView.swift,\ AboutSettingsView.swift,\ GeneralSettingsView.swift,\ ShortcutsSettingsView.swift,\ SettingsView.swift,\ SettingsWindowController.swift,\ ShortcutRecorder.swift,\ FloatingPanel.swift,\ RootView.swift,\ HermesApp.swift,\ GeneratedAssetSymbols.swift /Volumes/HAS2T/Project/HeraStudio/Hermes/Hermes/Core/AppDelegate.swift /Volumes/HAS2T/Project/HeraStudio/Hermes/Hermes/Core/AppState.swift /Volumes/HAS2T/Project/HeraStudio/Hermes/Hermes/Core/FloatingWindowController.swift /Volumes/HAS2T/Project/HeraStudio/Hermes/Hermes/Core/HotKeyManager.swift /Volumes/HAS2T/Project/HeraStudio/Hermes/Hermes/Features/OCRService.swift /Volumes/HAS2T/Project/HeraStudio/Hermes/Hermes/Features/ScreenshotService.swift /Volumes/HAS2T/Project/HeraStudio/Hermes/Hermes/Features/TranslationService.swift /Volumes/HAS2T/Project/HeraStudio/Hermes/Hermes/UI/Components/AnnotationCanvas.swift /Volumes/HAS2T/Project/HeraStudio/Hermes/Hermes/UI/Components/AnnotationModels.swift /Volumes/HAS2T/Project/HeraStudio/Hermes/Hermes/UI/Components/HideScrollIndicators.swift /Volumes/HAS2T/Project/HeraStudio/Hermes/Hermes/UI/Components/JapaneseColorPicker.swift /Volumes/HAS2T/Project/HeraStudio/Hermes/Hermes/UI/Components/JapaneseColors.swift /Volumes/HAS2T/Project/HeraStudio/Hermes/Hermes/UI/Components/ModernButton.swift /Volumes/HAS2T/Project/HeraStudio/Hermes/Hermes/UI/Components/Theme.swift /Volumes/HAS2T/Project/HeraStudio/Hermes/Hermes/UI/Components/VisualEffectBlur.swift /Volumes/HAS2T/Project/HeraStudio/Hermes/Hermes/UI/Main/ScreenshotResultView.swift /Volumes/HAS2T/Project/HeraStudio/Hermes/Hermes/UI/Main/TranslationView.swift /Volumes/HAS2T/Project/HeraStudio/Hermes/Hermes/UI/Settings/Tabs/AboutSettingsView.swift /Volumes/HAS2T/Project/HeraStudio/Hermes/Hermes/UI/Settings/Tabs/GeneralSettingsView.swift /Volumes/HAS2T/Project/HeraStudio/Hermes/Hermes/UI/Settings/Tabs/ShortcutsSettingsView.swift /Volumes/HAS2T/Project/HeraStudio/Hermes/Hermes/UI/Settings/SettingsView.swift /Volumes/HAS2T/Project/HeraStudio/Hermes/Hermes/UI/Settings/SettingsWindowController.swift /Volumes/HAS2T/Project/HeraStudio/Hermes/Hermes/UI/Settings/ShortcutRecorder.swift /Volumes/HAS2T/Project/HeraStudio/Hermes/Hermes/UI/FloatingPanel.swift /Volumes/HAS2T/Project/HeraStudio/Hermes/Hermes/UI/RootView.swift /Volumes/HAS2T/Project/HeraStudio/Hermes/Hermes/HermesApp.swift /Volumes/HAS2T/Project/HeraStudio/Hermes/build/DerivedData/Build/Intermediates.noindex/Hermes.build/Release/Hermes.build/DerivedSources/GeneratedAssetSymbols.swift /Applications/Xcode.app/Contents/Developer/Toolchains/XcodeDefault.xctoolchain/usr/lib/swift/macosx/prebuilt-modules/26.2/AudioToolbox.swiftmodule/arm64e-apple-macos.swiftmodule /Applications/Xcode.app/Contents/Developer/Toolchains/XcodeDefault.xctoolchain/usr/lib/swift/macosx/prebuilt-modules/26.2/Translation.swiftmodule/arm64e-apple-macos.swiftmodule /Applications/Xcode.app/Contents/Developer/Toolchains/XcodeDefault.xctoolchain/usr/lib/swift/macosx/prebuilt-modules/26.2/Combine.swiftmodule/arm64e-apple-macos.swiftmodule /Applications/Xcode.app/Contents/Developer/Toolchains/XcodeDefault.xctoolchain/usr/lib/swift/macosx/prebuilt-modules/26.2/simd.swiftmodule/arm64e-apple-macos.swiftmodule /Applications/Xcode.app/Contents/Developer/Toolchains/XcodeDefault.xctoolchain/usr/lib/swift/macosx/prebuilt-modules/26.2/_Builtin_float.swiftmodule/arm64e-apple-macos.swiftmodule /Applications/Xcode.app/Contents/Developer/Toolchains/XcodeDefault.xctoolchain/usr/lib/swift/macosx/prebuilt-modules/26.2/Observation.swiftmodule/arm64e-apple-macos.swiftmodule /Applications/Xcode.app/Contents/Developer/Toolchains/XcodeDefault.xctoolchain/usr/lib/swift/macosx/prebuilt-modules/26.2/SwiftUICore.swiftmodule/arm64e-apple-macos.swiftmodule /Applications/Xcode.app/Contents/Developer/Toolchains/XcodeDefault.xctoolchain/usr/lib/swift/macosx/prebuilt-modules/26.2/Spatial.swiftmodule/arm64e-apple-macos.swiftmodule /Applications/Xcode.app/Contents/Developer/Toolchains/XcodeDefault.xctoolchain/usr/lib/swift/macosx/prebuilt-modules/26.2/UniformTypeIdentifiers.swiftmodule/arm64e-apple-macos.swiftmodule /Applications/Xcode.app/Contents/Developer/Toolchains/XcodeDefault.xctoolchain/usr/lib/swift/macosx/prebuilt-modules/26.2/CoreText.swiftmodule/arm64e-apple-macos.swiftmodule /Applications/Xcode.app/Contents/Developer/Toolchains/XcodeDefault.xctoolchain/usr/lib/swift/macosx/prebuilt-modules/26.2/Dispatch.swiftmodule/arm64e-apple-macos.swiftmodule /Applications/Xcode.app/Contents/Developer/Toolchains/XcodeDefault.xctoolchain/usr/lib/swift/macosx/prebuilt-modules/26.2/AVFAudio.swiftmodule/arm64e-apple-macos.swiftmodule /Applications/Xcode.app/Contents/Developer/Toolchains/XcodeDefault.xctoolchain/usr/lib/swift/macosx/prebuilt-modules/26.2/DataDetection.swiftmodule/arm64e-apple-macos.swiftmodule /Applications/Xcode.app/Contents/Developer/Toolchains/XcodeDefault.xctoolchain/usr/lib/swift/macosx/prebuilt-modules/26.2/CoreGraphics.swiftmodule/arm64e-apple-macos.swiftmodule /Applications/Xcode.app/Contents/Developer/Toolchains/XcodeDefault.xctoolchain/usr/lib/swift/macosx/prebuilt-modules/26.2/CoreImage.swiftmodule/arm64e-apple-macos.swiftmodule /Applications/Xcode.app/Contents/Developer/Toolchains/XcodeDefault.xctoolchain/usr/lib/swift/macosx/prebuilt-modules/26.2/XPC.swiftmodule/arm64e-apple-macos.swiftmodule /Applications/Xcode.app/Contents/Developer/Toolchains/XcodeDefault.xctoolchain/usr/lib/swift/macosx/prebuilt-modules/26.2/CoreMedia.swiftmodule/arm64e-apple-macos.swiftmodule /Applications/Xcode.app/Contents/Developer/Toolchains/XcodeDefault.xctoolchain/usr/lib/swift/macosx/prebuilt-modules/26.2/NaturalLanguage.swiftmodule/arm64e-apple-macos.swiftmodule /Applications/Xcode.app/Contents/Developer/Toolchains/XcodeDefault.xctoolchain/usr/lib/swift/macosx/prebuilt-modules/26.2/CoreAudio.swiftmodule/arm64e-apple-macos.swiftmodule /Applications/Xcode.app/Contents/Developer/Toolchains/XcodeDefault.xctoolchain/usr/lib/swift/macosx/prebuilt-modules/26.2/SwiftUI.swiftmodule/arm64e-apple-macos.swiftmodule /Applications/Xcode.app/Contents/Developer/Toolchains/XcodeDefault.xctoolchain/usr/lib/swift/macosx/prebuilt-modules/26.2/_Translation_SwiftUI.swiftmodule/arm64e-apple-macos.swiftmodule /Applications/Xcode.app/Contents/Developer/Toolchains/XcodeDefault.xctoolchain/usr/lib/swift/macosx/prebuilt-modules/26.2/CoreVideo.swiftmodule/arm64e-apple-macos.swiftmodule /Applications/Xcode.app/Contents/Developer/Toolchains/XcodeDefault.xctoolchain/usr/lib/swift/macosx/prebuilt-modules/26.2/DeveloperToolsSupport.swiftmodule/arm64e-apple-macos.swiftmodule /Applications/Xcode.app/Contents/Developer/Toolchains/XcodeDefault.xctoolchain/usr/lib/swift/macosx/prebuilt-modules/26.2/Symbols.swiftmodule/arm64e-apple-macos.swiftmodule /Applications/Xcode.app/Contents/Developer/Toolchains/XcodeDefault.xctoolchain/usr/lib/swift/macosx/prebuilt-modules/26.2/Vision.swiftmodule/arm64e-apple-macos.swiftmodule /Applications/Xcode.app/Contents/Developer/Toolchains/XcodeDefault.xctoolchain/usr/lib/swift/macosx/prebuilt-modules/26.2/_DarwinFoundation1.swiftmodule/arm64e-apple-macos.swiftmodule /Applications/Xcode.app/Contents/Developer/Toolchains/XcodeDefault.xctoolchain/usr/lib/swift/macosx/prebuilt-modules/26.2/Darwin.swiftmodule/arm64e-apple-macos.swiftmodule /Applications/Xcode.app/Contents/Developer/Toolchains/XcodeDefault.xctoolchain/usr/lib/swift/macosx/prebuilt-modules/26.2/Accessibility.swiftmodule/arm64e-apple-macos.swiftmodule /Applications/Xcode.app/Contents/Developer/Toolchains/XcodeDefault.xctoolchain/usr/lib/swift/macosx/prebuilt-modules/26.2/ObjectiveC.swiftmodule/arm64e-apple-macos.swiftmodule /Applications/Xcode.app/Contents/Developer/Toolchains/XcodeDefault.xctoolchain/usr/lib/swift/macosx/prebuilt-modules/26.2/Synchronization.swiftmodule/arm64e-apple-macos.swiftmodule /Applications/Xcode.app/Contents/Developer/Toolchains/XcodeDefault.xctoolchain/usr/lib/swift/macosx/prebuilt-modules/26.2/IOKit.swiftmodule/arm64e-apple-macos.swiftmodule /Applications/Xcode.app/Contents/Developer/Toolchains/XcodeDefault.xctoolchain/usr/lib/swift/macosx/prebuilt-modules/26.2/AVFoundation.swiftmodule/arm64e-apple-macos.swiftmodule /Applications/Xcode.app/Contents/Developer/Toolchains/XcodeDefault.xctoolchain/usr/lib/swift/macosx/prebuilt-modules/26.2/CoreData.swiftmodule/arm64e-apple-macos.swiftmodule /Applications/Xcode.app/Contents/Developer/Toolchains/XcodeDefault.xctoolchain/usr/lib/swift/macosx/prebuilt-modules/26.2/_DarwinFoundation3.swiftmodule/arm64e-apple-macos.swiftmodule /Applications/Xcode.app/Contents/Developer/Toolchains/XcodeDefault.xctoolchain/usr/lib/swift/macosx/prebuilt-modules/26.2/Swift.swiftmodule/arm64e-apple-macos.swiftmodule /Applications/Xcode.app/Contents/Developer/Toolchains/XcodeDefault.xctoolchain/usr/lib/swift/macosx/prebuilt-modules/26.2/os.swiftmodule/arm64e-apple-macos.swiftmodule /Applications/Xcode.app/Contents/Developer/Toolchains/XcodeDefault.xctoolchain/usr/lib/swift/macosx/prebuilt-modules/26.2/CoreTransferable.swiftmodule/arm64e-apple-macos.swiftmodule /Applications/Xcode.app/Contents/Developer/Toolchains/XcodeDefault.xctoolchain/usr/lib/swift/macosx/prebuilt-modules/26.2/Foundation.swiftmodule/arm64e-apple-macos.swiftmodule /Applications/Xcode.app/Contents/Developer/Toolchains/XcodeDefault.xctoolchain/usr/lib/swift/macosx/prebuilt-modules/26.2/Metal.swiftmodule/arm64e-apple-macos.swiftmodule /Applications/Xcode.app/Contents/Developer/Toolchains/XcodeDefault.xctoolchain/usr/lib/swift/macosx/prebuilt-modules/26.2/CoreMIDI.swiftmodule/arm64e-apple-macos.swiftmodule /Applications/Xcode.app/Contents/Developer/Toolchains/XcodeDefault.xctoolchain/usr/lib/swift/macosx/prebuilt-modules/26.2/System.swiftmodule/arm64e-apple-macos.swiftmodule /Applications/Xcode.app/Contents/Developer/Toolchains/XcodeDefault.xctoolchain/usr/lib/swift/macosx/prebuilt-modules/26.2/AppKit.swiftmodule/arm64e-apple-macos.swiftmodule /Applications/Xcode.app/Contents/Developer/Toolchains/XcodeDefault.xctoolchain/usr/lib/swift/macosx/prebuilt-modules/26.2/_DarwinFoundation2.swiftmodule/arm64e-apple-macos.swiftmodule /Applications/Xcode.app/Contents/Developer/Toolchains/XcodeDefault.xctoolchain/usr/lib/swift/macosx/prebuilt-modules/26.2/_StringProcessing.swiftmodule/arm64e-apple-macos.swiftmodule /Applications/Xcode.app/Contents/Developer/Toolchains/XcodeDefault.xctoolchain/usr/lib/swift/macosx/prebuilt-modules/26.2/OSLog.swiftmodule/arm64e-apple-macos.swiftmodule /Applications/Xcode.app/Contents/Developer/Toolchains/XcodeDefault.xctoolchain/usr/lib/swift/macosx/prebuilt-modules/26.2/_Concurrency.swiftmodule/arm64e-apple-macos.swiftmodule /Applications/Xcode.app/Contents/Developer/Toolchains/XcodeDefault.xctoolchain/usr/lib/swift/macosx/prebuilt-modules/26.2/Accelerate.swiftmodule/arm64e-apple-macos.swiftmodule /Applications/Xcode.app/Contents/Developer/Toolchains/XcodeDefault.xctoolchain/usr/lib/swift/macosx/prebuilt-modules/26.2/CoreML.swiftmodule/arm64e-apple-macos.swiftmodule /Applications/Xcode.app/Contents/Developer/Toolchains/XcodeDefault.xctoolchain/usr/lib/swift/macosx/prebuilt-modules/26.2/CoreFoundation.swiftmodule/arm64e-apple-macos.swiftmodule /Applications/Xcode.app/Contents/Developer/Toolchains/XcodeDefault.xctoolchain/usr/lib/swift/macosx/prebuilt-modules/26.2/QuartzCore.swiftmodule/arm64e-apple-macos.swiftmodule /Volumes/HAS2T/Project/HeraStudio/Hermes/build/DerivedData/ModuleCache.noindex/CoreMIDI-811YU99ZEGR3F8ENXE8BW12BC.pcm /Volumes/HAS2T/Project/HeraStudio/Hermes/build/DerivedData/ModuleCache.noindex/AVFAudio-A3D296VML5908K8BSD6LWHW94.pcm /Volumes/HAS2T/Project/HeraStudio/Hermes/build/DerivedData/ModuleCache.noindex/CoreData-BNRFLFKO61A0IXTTH0QKXBYI0.pcm /Volumes/HAS2T/Project/HeraStudio/Hermes/build/DerivedData/ModuleCache.noindex/MediaToolbox-4ZF9TMJ0ILLFAXTROG4H1SDO4.pcm /Volumes/HAS2T/Project/HeraStudio/Hermes/build/DerivedData/ModuleCache.noindex/CoreML-CBUGT6RAHKBP77PS36LKJT8UN.pcm /Volumes/HAS2T/Project/HeraStudio/Hermes/build/DerivedData/ModuleCache.noindex/_Builtin_stdarg-F3YZ2JRQWHTOF78ZF1LTPK9JQ.pcm /Volumes/HAS2T/Project/HeraStudio/Hermes/build/DerivedData/ModuleCache.noindex/CoreVideo-42CZP8MIK6GNYWUQRJBU7A3IZ.pcm /Volumes/HAS2T/Project/HeraStudio/Hermes/build/DerivedData/ModuleCache.noindex/Spatial-4A5HCIKA4WSJIUHQKC8DU44I7.pcm /Volumes/HAS2T/Project/HeraStudio/Hermes/build/DerivedData/ModuleCache.noindex/_SwiftConcurrencyShims-7EOQKQL92GZX382KSBWSVT04R.pcm /Volumes/HAS2T/Project/HeraStudio/Hermes/build/DerivedData/ModuleCache.noindex/os-BGU1Q93AG8KZ70DCDB2N70YYM.pcm /Volumes/HAS2T/Project/HeraStudio/Hermes/build/DerivedData/ModuleCache.noindex/CoreMedia-63H7X2VA2MKI2AA937FN10979.pcm /Volumes/HAS2T/Project/HeraStudio/Hermes/build/DerivedData/ModuleCache.noindex/Accessibility-BF7E049WYORZ3QPG76HJIBLMX.pcm /Volumes/HAS2T/Project/HeraStudio/Hermes/build/DerivedData/ModuleCache.noindex/AudioToolbox-DWOVIZYYNQZ8VWRPNNII50907.pcm /Volumes/HAS2T/Project/HeraStudio/Hermes/build/DerivedData/ModuleCache.noindex/Security-26LDDEIO49EY79OZ61L86G5TQ.pcm /Volumes/HAS2T/Project/HeraStudio/Hermes/build/DerivedData/ModuleCache.noindex/_Builtin_limits-7IUELLTTYXXZRZOJDVDKV7EG0.pcm /Volumes/HAS2T/Project/HeraStudio/Hermes/build/DerivedData/ModuleCache.noindex/ptrauth-AV7AJMMXG989C9T99RXWO0FS3.pcm /Volumes/HAS2T/Project/HeraStudio/Hermes/build/DerivedData/ModuleCache.noindex/CoreAudioTypes-8L97TGX32LCDFH8DNPP9UN6GV.pcm /Volumes/HAS2T/Project/HeraStudio/Hermes/build/DerivedData/ModuleCache.noindex/_Builtin_tgmath-72VZV2JJVTAMMBL8ONSKXG4VF.pcm /Volumes/HAS2T/Project/HeraStudio/Hermes/build/DerivedData/ModuleCache.noindex/IOKit-C41ERS5MVJDAYQPM5WTGRYQ9O.pcm /Volumes/HAS2T/Project/HeraStudio/Hermes/build/DerivedData/ModuleCache.noindex/Metal-CJ81HT6UYASZQP4RQU2ZQAD8K.pcm /Volumes/HAS2T/Project/HeraStudio/Hermes/build/DerivedData/ModuleCache.noindex/ApplicationServices-7R6S8HHTE8Z63DTE8JI4C9UT5.pcm /Volumes/HAS2T/Project/HeraStudio/Hermes/build/DerivedData/ModuleCache.noindex/UniformTypeIdentifiers-B6JLSY323QY370HS05EE40V22.pcm /Volumes/HAS2T/Project/HeraStudio/Hermes/build/DerivedData/ModuleCache.noindex/launch-4K4W1JD64EPZWK67L41YKIONP.pcm /Volumes/HAS2T/Project/HeraStudio/Hermes/build/DerivedData/ModuleCache.noindex/Symbols-DC0ZWUCC65GYE6O4NTAWQ6Q8G.pcm /Volumes/HAS2T/Project/HeraStudio/Hermes/build/DerivedData/ModuleCache.noindex/Darwin-6EKVI8BAMR882RBJ72NQNUCYR.pcm /Volumes/HAS2T/Project/HeraStudio/Hermes/build/DerivedData/ModuleCache.noindex/CoreText-A15RVYITF707EVG1NYU7O7OJC.pcm /Volumes/HAS2T/Project/HeraStudio/Hermes/build/DerivedData/ModuleCache.noindex/os_object-1CPA2CEQCO4E1Y8H8ICKRTQ2A.pcm /Volumes/HAS2T/Project/HeraStudio/Hermes/build/DerivedData/ModuleCache.noindex/_DarwinFoundation3-99T3MVS9IDS9X2AONSQC6MCUR.pcm /Volumes/HAS2T/Project/HeraStudio/Hermes/build/DerivedData/ModuleCache.noindex/Translation-5RK2FFHKKPA15LSYQFS4CDJFC.pcm /Volumes/HAS2T/Project/HeraStudio/Hermes/build/DerivedData/ModuleCache.noindex/ColorSync-4Z1SDDXIEFZV3I0W4IABC52DZ.pcm /Volumes/HAS2T/Project/HeraStudio/Hermes/build/DerivedData/ModuleCache.noindex/ServiceManagement-1WP1WQLKTY736EEFOX74DVVUB.pcm /Volumes/HAS2T/Project/HeraStudio/Hermes/build/DerivedData/ModuleCache.noindex/ObjectiveC-DR48A3TU9EVBA3YPPEQLETIDG.pcm /Volumes/HAS2T/Project/HeraStudio/Hermes/build/DerivedData/ModuleCache.noindex/_Builtin_stdatomic-40QSDQU2WKQ17234MWWKK1UZG.pcm /Volumes/HAS2T/Project/HeraStudio/Hermes/build/DerivedData/ModuleCache.noindex/CoreServices-3PUXQ0MOREZ5ERPTRHN87D0OL.pcm /Volumes/HAS2T/Project/HeraStudio/Hermes/build/DerivedData/ModuleCache.noindex/_Builtin_inttypes-57NF086VR0HXAY4YLPY5ZEU3G.pcm /Volumes/HAS2T/Project/HeraStudio/Hermes/build/DerivedData/ModuleCache.noindex/OSLog-CP9G8R38ELW8EAPCN3T8CA32P.pcm /Volumes/HAS2T/Project/HeraStudio/Hermes/build/DerivedData/ModuleCache.noindex/_Builtin_stdbool-C720VVS5WNYDV1UXOHOD2TQIR.pcm /Volumes/HAS2T/Project/HeraStudio/Hermes/build/DerivedData/ModuleCache.noindex/CoreGraphics-6RNL5768FOJJN6MKT7HV076WV.pcm /Volumes/HAS2T/Project/HeraStudio/Hermes/build/DerivedData/ModuleCache.noindex/CoreAudio-CBKJ0F6DVDX9KOVE2SHKTHYBH.pcm /Volumes/HAS2T/Project/HeraStudio/Hermes/build/DerivedData/ModuleCache.noindex/os_workgroup-755KJS0Y26IOC477T3GA98V6I.pcm /Volumes/HAS2T/Project/HeraStudio/Hermes/build/DerivedData/ModuleCache.noindex/Vision-E5PSR2E8M8IELXALR8IWWVWRI.pcm /Volumes/HAS2T/Project/HeraStudio/Hermes/build/DerivedData/ModuleCache.noindex/MachO-C0ULKPBC6BD43ZKF75IYOBEZB.pcm /Volumes/HAS2T/Project/HeraStudio/Hermes/build/DerivedData/ModuleCache.noindex/Foundation-4V846K4LIJOUP9KRQR3PS707N.pcm /Volumes/HAS2T/Project/HeraStudio/Hermes/build/DerivedData/ModuleCache.noindex/SwiftUI-81B8550BLJRGFERGGR2XRRFAF.pcm /Volumes/HAS2T/Project/HeraStudio/Hermes/build/DerivedData/ModuleCache.noindex/_Builtin_float-CZ9U3TF43XGLQD39IG0IBA9OZ.pcm /Volumes/HAS2T/Project/HeraStudio/Hermes/build/DerivedData/ModuleCache.noindex/AppKit-6CF3WXYXQ5A0INJWFPRV31KU.pcm /Volumes/HAS2T/Project/HeraStudio/Hermes/build/DerivedData/ModuleCache.noindex/SwiftUICore-6HKBIK2GS2SYRWES0WP247HJY.pcm /Volumes/HAS2T/Project/HeraStudio/Hermes/build/DerivedData/ModuleCache.noindex/AVFoundation-2ILW1SXVRYXBDWHODTOB4MRLS.pcm /Volumes/HAS2T/Project/HeraStudio/Hermes/build/DerivedData/ModuleCache.noindex/NaturalLanguage-5CXMPEHXUFT3KCBDSSFYZX5R5.pcm /Volumes/HAS2T/Project/HeraStudio/Hermes/build/DerivedData/ModuleCache.noindex/_Builtin_stdint-6SX9O7GKQB8MSJ6QJ63PXG1H6.pcm /Volumes/HAS2T/Project/HeraStudio/Hermes/build/DerivedData/ModuleCache.noindex/ImageIO-DQGSGQWYTJX0IGZYMGWCUFH1Z.pcm /Volumes/HAS2T/Project/HeraStudio/Hermes/build/DerivedData/ModuleCache.noindex/Dispatch-7QSUC5JNNVIPP4WFQ21LPBUJE.pcm /Volumes/HAS2T/Project/HeraStudio/Hermes/build/DerivedData/ModuleCache.noindex/CoreImage-3QSK0D0MGLN5NFS764XS4XMDS.pcm /Volumes/HAS2T/Project/HeraStudio/Hermes/build/DerivedData/ModuleCache.noindex/CoreFoundation-EKV6G8AHZEQNUBIAT2O04Q1O3.pcm /Volumes/HAS2T/Project/HeraStudio/Hermes/build/DerivedData/ModuleCache.noindex/_AvailabilityInternal-2MA9JDY0RKNKR3A92AMR5IYDG.pcm /Volumes/HAS2T/Project/HeraStudio/Hermes/build/DerivedData/ModuleCache.noindex/SwiftShims-9YH4T5UA09KNZPUZ1Q76JMA8.pcm /Volumes/HAS2T/Project/HeraStudio/Hermes/build/DerivedData/ModuleCache.noindex/DeveloperToolsSupport-2E9QMTROAEG5YRVU4OT2P4BGM.pcm /Volumes/HAS2T/Project/HeraStudio/Hermes/build/DerivedData/ModuleCache.noindex/_DarwinFoundation1-9E7TSR70RX8PM902XAVV8923F.pcm /Volumes/HAS2T/Project/HeraStudio/Hermes/build/DerivedData/ModuleCache.noindex/_DarwinFoundation2-9BV3IHV9KJGF331IQW2R2FBX.pcm /Volumes/HAS2T/Project/HeraStudio/Hermes/build/DerivedData/ModuleCache.noindex/CUPS-171Q25NJYCGDIGIXJ1AOU2JR9.pcm /Volumes/HAS2T/Project/HeraStudio/Hermes/build/DerivedData/ModuleCache.noindex/QuartzCore-CHTQ4WWRT2201EB6RYF71HBVV.pcm /Volumes/HAS2T/Project/HeraStudio/Hermes/build/DerivedData/ModuleCache.noindex/Accelerate-1H2JJHDVF7HUMZDJGAHITKMU0.pcm /Volumes/HAS2T/Project/HeraStudio/Hermes/build/DerivedData/ModuleCache.noindex/_Builtin_stddef-AJ5ODPFU10ZDS3HV5NR4GY3PB.pcm /Volumes/HAS2T/Project/HeraStudio/Hermes/build/DerivedData/ModuleCache.noindex/_Builtin_intrinsics-CNDPRUC3IUNGAI7NAPWOU9L84.pcm /Volumes/HAS2T/Project/HeraStudio/Hermes/build/DerivedData/ModuleCache.noindex/simd-27335NFZPXYQRILTLKUM7V7H6.pcm /Volumes/HAS2T/Project/HeraStudio/Hermes/build/DerivedData/ModuleCache.noindex/Carbon-2J7U4OZPP66DN14FBR8KFQ5ZZ.pcm /Volumes/HAS2T/Project/HeraStudio/Hermes/build/DerivedData/ModuleCache.noindex/libkern-6IBSJRWUHHALH6QJV3L9V4OQV.pcm /Volumes/HAS2T/Project/HeraStudio/Hermes/build/DerivedData/ModuleCache.noindex/sys_types-5WD6SJUNXWNAO9OLCT2K8Y2CU.pcm /Volumes/HAS2T/Project/HeraStudio/Hermes/build/DerivedData/ModuleCache.noindex/libDER-DM6PYCV5SXV1476OST2638DAI.pcm /Volumes/HAS2T/Project/HeraStudio/Hermes/build/DerivedData/ModuleCache.noindex/ptrcheck-E7OCI9GVGBWEHQWTOF4I9MYM9.pcm /Volumes/HAS2T/Project/HeraStudio/Hermes/build/DerivedData/ModuleCache.noindex/IOSurface-1W1K7RN2DQHEC08ITXO9CI92G.pcm /Volumes/HAS2T/Project/HeraStudio/Hermes/build/DerivedData/ModuleCache.noindex/Cocoa-4H3WRGQPE7GOC54ZNUT40SID1.pcm /Volumes/HAS2T/Project/HeraStudio/Hermes/build/DerivedData/ModuleCache.noindex/CoreTransferable-CKYH8JOBJ1WXHE7UAJX7QFCL0.pcm /Volumes/HAS2T/Project/HeraStudio/Hermes/build/DerivedData/ModuleCache.noindex/DataDetection-19EVC514AOQ8GR1XJUPE2Z6NB.pcm /Volumes/HAS2T/Project/HeraStudio/Hermes/build/DerivedData/ModuleCache.noindex/XPC-CPLU8XCKE5X4GFN88JBLH57JP.pcm /Volumes/HAS2T/Project/HeraStudio/Hermes/build/DerivedData/ModuleCache.noindex/OpenGL-2AF4525G1FO3CJ48Z23FMRX9L.pcm /Volumes/HAS2T/Project/HeraStudio/Hermes/build/DerivedData/ModuleCache.noindex/DiskArbitration-33Q8TCNPIX9RF0Z6V97NNSUUL.pcm /Volumes/HAS2T/Project/HeraStudio/Hermes/build/DerivedData/ModuleCache.noindex/CFNetwork-9UF6P8YDVQ5YACTEYK1WCCV1V.pcm /Volumes/HAS2T/Project/HeraStudio/Hermes/build/DerivedData/Build/Intermediates.noindex/Hermes.build/Release/Hermes.build/Objects-normal/arm64/Hermes-dependencies-1.json (in target 'Hermes' from project 'Hermes')

CompileSwift normal arm64 (in target 'Hermes' from project 'Hermes')
    cd /Volumes/HAS2T/Project/HeraStudio/Hermes
    
/Volumes/HAS2T/Project/HeraStudio/Hermes/Hermes/UI/Components/HideScrollIndicators.swift:28:32: error: value of type 'NSScrollView' has no member 'autohideScrollers'
                    scrollView.autohideScrollers = true
                    ~~~~~~~~~~ ^~~~~~~~~~~~~~~~~

Failed frontend command:
/Applications/Xcode.app/Contents/Developer/Toolchains/XcodeDefault.xctoolchain/usr/bin/swift-frontend -frontend -c /Volumes/HAS2T/Project/HeraStudio/Hermes/Hermes/Core/AppDelegate.swift /Volumes/HAS2T/Project/HeraStudio/Hermes/Hermes/Core/AppState.swift /Volumes/HAS2T/Project/HeraStudio/Hermes/Hermes/Core/FloatingWindowController.swift /Volumes/HAS2T/Project/HeraStudio/Hermes/Hermes/Core/HotKeyManager.swift /Volumes/HAS2T/Project/HeraStudio/Hermes/Hermes/Features/OCRService.swift /Volumes/HAS2T/Project/HeraStudio/Hermes/Hermes/Features/ScreenshotService.swift /Volumes/HAS2T/Project/HeraStudio/Hermes/Hermes/Features/TranslationService.swift /Volumes/HAS2T/Project/HeraStudio/Hermes/Hermes/UI/Components/AnnotationCanvas.swift /Volumes/HAS2T/Project/HeraStudio/Hermes/Hermes/UI/Components/AnnotationModels.swift /Volumes/HAS2T/Project/HeraStudio/Hermes/Hermes/UI/Components/HideScrollIndicators.swift /Volumes/HAS2T/Project/HeraStudio/Hermes/Hermes/UI/Components/JapaneseColorPicker.swift /Volumes/HAS2T/Project/HeraStudio/Hermes/Hermes/UI/Components/JapaneseColors.swift /Volumes/HAS2T/Project/HeraStudio/Hermes/Hermes/UI/Components/ModernButton.swift /Volumes/HAS2T/Project/HeraStudio/Hermes/Hermes/UI/Components/Theme.swift /Volumes/HAS2T/Project/HeraStudio/Hermes/Hermes/UI/Components/VisualEffectBlur.swift /Volumes/HAS2T/Project/HeraStudio/Hermes/Hermes/UI/Main/ScreenshotResultView.swift /Volumes/HAS2T/Project/HeraStudio/Hermes/Hermes/UI/Main/TranslationView.swift /Volumes/HAS2T/Project/HeraStudio/Hermes/Hermes/UI/Settings/Tabs/AboutSettingsView.swift /Volumes/HAS2T/Project/HeraStudio/Hermes/Hermes/UI/Settings/Tabs/GeneralSettingsView.swift /Volumes/HAS2T/Project/HeraStudio/Hermes/Hermes/UI/Settings/Tabs/ShortcutsSettingsView.swift /Volumes/HAS2T/Project/HeraStudio/Hermes/Hermes/UI/Settings/SettingsView.swift /Volumes/HAS2T/Project/HeraStudio/Hermes/Hermes/UI/Settings/SettingsWindowController.swift /Volumes/HAS2T/Project/HeraStudio/Hermes/Hermes/UI/Settings/ShortcutRecorder.swift /Volumes/HAS2T/Project/HeraStudio/Hermes/Hermes/UI/FloatingPanel.swift /Volumes/HAS2T/Project/HeraStudio/Hermes/Hermes/UI/RootView.swift /Volumes/HAS2T/Project/HeraStudio/Hermes/Hermes/HermesApp.swift /Volumes/HAS2T/Project/HeraStudio/Hermes/build/DerivedData/Build/Intermediates.noindex/Hermes.build/Release/Hermes.build/DerivedSources/GeneratedAssetSymbols.swift -supplementary-output-file-map /Volumes/HAS2T/Project/HeraStudio/Hermes/build/DerivedData/Build/Intermediates.noindex/Hermes.build/Release/Hermes.build/Objects-normal/arm64/supplementaryOutputs-1 -emit-localized-strings -emit-localized-strings-path /Volumes/HAS2T/Project/HeraStudio/Hermes/build/DerivedData/Build/Intermediates.noindex/Hermes.build/Release/Hermes.build/Objects-normal/arm64 -target arm64-apple-macos26.2 -module-can-import-version AppKit 2685.30.107 2685.30.107 -module-can-import-version DeveloperToolsSupport 23.0.4 23.0.4 -module-can-import-version SwiftUI 7.2.5.1 7.2.5 -disable-cross-import-overlay-search -swift-module-cross-import Translation /Applications/Xcode.app/Contents/Developer/Platforms/MacOSX.platform/Developer/SDKs/MacOSX.sdk/System/Library/Frameworks/Translation.framework/Modules/Translation.swiftcrossimport/SwiftUI.swiftoverlay -swift-module-cross-import Translation /Applications/Xcode.app/Contents/Developer/Platforms/MacOSX.platform/Developer/SDKs/MacOSX26.2.sdk/System/Library/Frameworks/Translation.framework/Modules/Translation.swiftcrossimport/SwiftUI.swiftoverlay -load-resolved-plugin /Applications/Xcode.app/Contents/Developer/Platforms/MacOSX.platform/Developer/usr/lib/swift/host/plugins/libFoundationMacros.dylib\#/Applications/Xcode.app/Contents/Developer/Platforms/MacOSX.platform/Developer/usr/bin/swift-plugin-server\#FoundationMacros -load-resolved-plugin /Applications/Xcode.app/Contents/Developer/Platforms/MacOSX.platform/Developer/usr/lib/swift/host/plugins/libObservationMacros.dylib\#/Applications/Xcode.app/Contents/Developer/Platforms/MacOSX.platform/Developer/usr/bin/swift-plugin-server\#ObservationMacros -load-resolved-plugin /Applications/Xcode.app/Contents/Developer/Platforms/MacOSX.platform/Developer/usr/lib/swift/host/plugins/libPreviewsMacros.dylib\#/Applications/Xcode.app/Contents/Developer/Platforms/MacOSX.platform/Developer/usr/bin/swift-plugin-server\#PreviewsMacros -load-resolved-plugin /Applications/Xcode.app/Contents/Developer/Platforms/MacOSX.platform/Developer/usr/lib/swift/host/plugins/libSwiftMacros.dylib\#/Applications/Xcode.app/Contents/Developer/Platforms/MacOSX.platform/Developer/usr/bin/swift-plugin-server\#SwiftMacros -load-resolved-plugin /Applications/Xcode.app/Contents/Developer/Platforms/MacOSX.platform/Developer/usr/lib/swift/host/plugins/libSwiftUIMacros.dylib\#/Applications/Xcode.app/Contents/Developer/Platforms/MacOSX.platform/Developer/usr/bin/swift-plugin-server\#SwiftUIMacros -disable-implicit-swift-modules -Xcc -fno-implicit-modules -Xcc -fno-implicit-module-maps -explicit-swift-module-map-file /Volumes/HAS2T/Project/HeraStudio/Hermes/build/DerivedData/Build/Intermediates.noindex/Hermes.build/Release/Hermes.build/Objects-normal/arm64/Hermes-dependencies-1.json -Xllvm -aarch64-use-tbi -enable-objc-interop -stack-check -sdk /Applications/Xcode.app/Contents/Developer/Platforms/MacOSX.platform/Developer/SDKs/MacOSX26.2.sdk -I /Volumes/HAS2T/Project/HeraStudio/Hermes/build/DerivedData/Build/Products/Release -F /Volumes/HAS2T/Project/HeraStudio/Hermes/build/DerivedData/Build/Products/Release -no-color-diagnostics -Xcc -fno-color-diagnostics -g -debug-info-format\=dwarf -dwarf-version\=5 -module-cache-path /Volumes/HAS2T/Project/HeraStudio/Hermes/build/DerivedData/Build/Intermediates.noindex/SwiftExplicitPrecompiledModules -swift-version 5 -enforce-exclusivity\=checked -O -serialize-debugging-options -const-gather-protocols-file /Volumes/HAS2T/Project/HeraStudio/Hermes/build/DerivedData/Build/Intermediates.noindex/Hermes.build/Release/Hermes.build/Objects-normal/arm64/Hermes_const_extract_protocols.json -enable-upcoming-feature DisableOutwardActorInference -enable-upcoming-feature InferSendableFromCaptures -enable-upcoming-feature GlobalActorIsolatedTypesUsability -enable-upcoming-feature MemberImportVisibility -enable-upcoming-feature InferIsolatedConformances -enable-upcoming-feature NonisolatedNonsendingByDefault -enable-experimental-feature DebugDescriptionMacro -enable-bare-slash-regex -default-isolation\=MainActor -empty-abi-descriptor -validate-clang-modules-once -clang-build-session-file /Volumes/HAS2T/Project/HeraStudio/Hermes/build/DerivedData/ModuleCache.noindex/Session.modulevalidation -Xcc -working-directory -Xcc /Volumes/HAS2T/Project/HeraStudio/Hermes -file-compilation-dir /Volumes/HAS2T/Project/HeraStudio/Hermes -Xcc -ivfsstatcache -Xcc /Volumes/HAS2T/Project/HeraStudio/Hermes/build/DerivedData/SDKStatCaches.noindex/macosx26.2-25C58-00fa09913b459cbbc988d1f6730289ae.sdkstatcache -Xcc -I/Volumes/HAS2T/Project/HeraStudio/Hermes/build/DerivedData/Build/Intermediates.noindex/Hermes.build/Release/Hermes.build/swift-overrides.hmap -Xcc -iquote -Xcc /Volumes/HAS2T/Project/HeraStudio/Hermes/build/DerivedData/Build/Intermediates.noindex/Hermes.build/Release/Hermes.build/Hermes-generated-files.hmap -Xcc -I/Volumes/HAS2T/Project/HeraStudio/Hermes/build/DerivedData/Build/Intermediates.noindex/Hermes.build/Release/Hermes.build/Hermes-own-target-headers.hmap -Xcc -I/Volumes/HAS2T/Project/HeraStudio/Hermes/build/DerivedData/Build/Intermediates.noindex/Hermes.build/Release/Hermes.build/Hermes-all-target-headers.hmap -Xcc -iquote -Xcc /Volumes/HAS2T/Project/HeraStudio/Hermes/build/DerivedData/Build/Intermediates.noindex/Hermes.build/Release/Hermes.build/Hermes-project-headers.hmap -Xcc -I/Volumes/HAS2T/Project/HeraStudio/Hermes/build/DerivedData/Build/Products/Release/include -Xcc -I/Volumes/HAS2T/Project/HeraStudio/Hermes/build/DerivedData/Build/Intermediates.noindex/Hermes.build/Release/Hermes.build/DerivedSources-normal/arm64 -Xcc -I/Volumes/HAS2T/Project/HeraStudio/Hermes/build/DerivedData/Build/Intermediates.noindex/Hermes.build/Release/Hermes.build/DerivedSources/arm64 -Xcc -I/Volumes/HAS2T/Project/HeraStudio/Hermes/build/DerivedData/Build/Intermediates.noindex/Hermes.build/Release/Hermes.build/DerivedSources -no-auto-bridging-header-chaining -module-name Hermes -frontend-parseable-output -disable-clang-spi -target-sdk-version 26.2 -target-sdk-name macosx26.2 -clang-target arm64-apple-macos26.2 -in-process-plugin-server-path /Applications/Xcode.app/Contents/Developer/Toolchains/XcodeDefault.xctoolchain/usr/lib/swift/host/libSwiftInProcPluginServer.dylib -enable-default-cmo -num-threads 10 -o /Volumes/HAS2T/Project/HeraStudio/Hermes/build/DerivedData/Build/Intermediates.noindex/Hermes.build/Release/Hermes.build/Objects-normal/arm64/AppDelegate.o -o /Volumes/HAS2T/Project/HeraStudio/Hermes/build/DerivedData/Build/Intermediates.noindex/Hermes.build/Release/Hermes.build/Objects-normal/arm64/AppState.o -o /Volumes/HAS2T/Project/HeraStudio/Hermes/build/DerivedData/Build/Intermediates.noindex/Hermes.build/Release/Hermes.build/Objects-normal/arm64/FloatingWindowController.o -o /Volumes/HAS2T/Project/HeraStudio/Hermes/build/DerivedData/Build/Intermediates.noindex/Hermes.build/Release/Hermes.build/Objects-normal/arm64/HotKeyManager.o -o /Volumes/HAS2T/Project/HeraStudio/Hermes/build/DerivedData/Build/Intermediates.noindex/Hermes.build/Release/Hermes.build/Objects-normal/arm64/OCRService.o -o /Volumes/HAS2T/Project/HeraStudio/Hermes/build/DerivedData/Build/Intermediates.noindex/Hermes.build/Release/Hermes.build/Objects-normal/arm64/ScreenshotService.o -o /Volumes/HAS2T/Project/HeraStudio/Hermes/build/DerivedData/Build/Intermediates.noindex/Hermes.build/Release/Hermes.build/Objects-normal/arm64/TranslationService.o -o /Volumes/HAS2T/Project/HeraStudio/Hermes/build/DerivedData/Build/Intermediates.noindex/Hermes.build/Release/Hermes.build/Objects-normal/arm64/AnnotationCanvas.o -o /Volumes/HAS2T/Project/HeraStudio/Hermes/build/DerivedData/Build/Intermediates.noindex/Hermes.build/Release/Hermes.build/Objects-normal/arm64/AnnotationModels.o -o /Volumes/HAS2T/Project/HeraStudio/Hermes/build/DerivedData/Build/Intermediates.noindex/Hermes.build/Release/Hermes.build/Objects-normal/arm64/HideScrollIndicators.o -o /Volumes/HAS2T/Project/HeraStudio/Hermes/build/DerivedData/Build/Intermediates.noindex/Hermes.build/Release/Hermes.build/Objects-normal/arm64/JapaneseColorPicker.o -o /Volumes/HAS2T/Project/HeraStudio/Hermes/build/DerivedData/Build/Intermediates.noindex/Hermes.build/Release/Hermes.build/Objects-normal/arm64/JapaneseColors.o -o /Volumes/HAS2T/Project/HeraStudio/Hermes/build/DerivedData/Build/Intermediates.noindex/Hermes.build/Release/Hermes.build/Objects-normal/arm64/ModernButton.o -o /Volumes/HAS2T/Project/HeraStudio/Hermes/build/DerivedData/Build/Intermediates.noindex/Hermes.build/Release/Hermes.build/Objects-normal/arm64/Theme.o -o /Volumes/HAS2T/Project/HeraStudio/Hermes/build/DerivedData/Build/Intermediates.noindex/Hermes.build/Release/Hermes.build/Objects-normal/arm64/VisualEffectBlur.o -o /Volumes/HAS2T/Project/HeraStudio/Hermes/build/DerivedData/Build/Intermediates.noindex/Hermes.build/Release/Hermes.build/Objects-normal/arm64/ScreenshotResultView.o -o /Volumes/HAS2T/Project/HeraStudio/Hermes/build/DerivedData/Build/Intermediates.noindex/Hermes.build/Release/Hermes.build/Objects-normal/arm64/TranslationView.o -o /Volumes/HAS2T/Project/HeraStudio/Hermes/build/DerivedData/Build/Intermediates.noindex/Hermes.build/Release/Hermes.build/Objects-normal/arm64/AboutSettingsView.o -o /Volumes/HAS2T/Project/HeraStudio/Hermes/build/DerivedData/Build/Intermediates.noindex/Hermes.build/Release/Hermes.build/Objects-normal/arm64/GeneralSettingsView.o -o /Volumes/HAS2T/Project/HeraStudio/Hermes/build/DerivedData/Build/Intermediates.noindex/Hermes.build/Release/Hermes.build/Objects-normal/arm64/ShortcutsSettingsView.o -o /Volumes/HAS2T/Project/HeraStudio/Hermes/build/DerivedData/Build/Intermediates.noindex/Hermes.build/Release/Hermes.build/Objects-normal/arm64/SettingsView.o -o /Volumes/HAS2T/Project/HeraStudio/Hermes/build/DerivedData/Build/Intermediates.noindex/Hermes.build/Release/Hermes.build/Objects-normal/arm64/SettingsWindowController.o -o /Volumes/HAS2T/Project/HeraStudio/Hermes/build/DerivedData/Build/Intermediates.noindex/Hermes.build/Release/Hermes.build/Objects-normal/arm64/ShortcutRecorder.o -o /Volumes/HAS2T/Project/HeraStudio/Hermes/build/DerivedData/Build/Intermediates.noindex/Hermes.build/Release/Hermes.build/Objects-normal/arm64/FloatingPanel.o -o /Volumes/HAS2T/Project/HeraStudio/Hermes/build/DerivedData/Build/Intermediates.noindex/Hermes.build/Release/Hermes.build/Objects-normal/arm64/RootView.o -o /Volumes/HAS2T/Project/HeraStudio/Hermes/build/DerivedData/Build/Intermediates.noindex/Hermes.build/Release/Hermes.build/Objects-normal/arm64/HermesApp.o -o /Volumes/HAS2T/Project/HeraStudio/Hermes/build/DerivedData/Build/Intermediates.noindex/Hermes.build/Release/Hermes.build/Objects-normal/arm64/GeneratedAssetSymbols.o -index-unit-output-path /Hermes.build/Release/Hermes.build/Objects-normal/arm64/AppDelegate.o -index-unit-output-path /Hermes.build/Release/Hermes.build/Objects-normal/arm64/AppState.o -index-unit-output-path /Hermes.build/Release/Hermes.build/Objects-normal/arm64/FloatingWindowController.o -index-unit-output-path /Hermes.build/Release/Hermes.build/Objects-normal/arm64/HotKeyManager.o -index-unit-output-path /Hermes.build/Release/Hermes.build/Objects-normal/arm64/OCRService.o -index-unit-output-path /Hermes.build/Release/Hermes.build/Objects-normal/arm64/ScreenshotService.o -index-unit-output-path /Hermes.build/Release/Hermes.build/Objects-normal/arm64/TranslationService.o -index-unit-output-path /Hermes.build/Release/Hermes.build/Objects-normal/arm64/AnnotationCanvas.o -index-unit-output-path /Hermes.build/Release/Hermes.build/Objects-normal/arm64/AnnotationModels.o -index-unit-output-path /Hermes.build/Release/Hermes.build/Objects-normal/arm64/HideScrollIndicators.o -index-unit-output-path /Hermes.build/Release/Hermes.build/Objects-normal/arm64/JapaneseColorPicker.o -index-unit-output-path /Hermes.build/Release/Hermes.build/Objects-normal/arm64/JapaneseColors.o -index-unit-output-path /Hermes.build/Release/Hermes.build/Objects-normal/arm64/ModernButton.o -index-unit-output-path /Hermes.build/Release/Hermes.build/Objects-normal/arm64/Theme.o -index-unit-output-path /Hermes.build/Release/Hermes.build/Objects-normal/arm64/VisualEffectBlur.o -index-unit-output-path /Hermes.build/Release/Hermes.build/Objects-normal/arm64/ScreenshotResultView.o -index-unit-output-path /Hermes.build/Release/Hermes.build/Objects-normal/arm64/TranslationView.o -index-unit-output-path /Hermes.build/Release/Hermes.build/Objects-normal/arm64/AboutSettingsView.o -index-unit-output-path /Hermes.build/Release/Hermes.build/Objects-normal/arm64/GeneralSettingsView.o -index-unit-output-path /Hermes.build/Release/Hermes.build/Objects-normal/arm64/ShortcutsSettingsView.o -index-unit-output-path /Hermes.build/Release/Hermes.build/Objects-normal/arm64/SettingsView.o -index-unit-output-path /Hermes.build/Release/Hermes.build/Objects-normal/arm64/SettingsWindowController.o -index-unit-output-path /Hermes.build/Release/Hermes.build/Objects-normal/arm64/ShortcutRecorder.o -index-unit-output-path /Hermes.build/Release/Hermes.build/Objects-normal/arm64/FloatingPanel.o -index-unit-output-path /Hermes.build/Release/Hermes.build/Objects-normal/arm64/RootView.o -index-unit-output-path /Hermes.build/Release/Hermes.build/Objects-normal/arm64/HermesApp.o -index-unit-output-path /Hermes.build/Release/Hermes.build/Objects-normal/arm64/GeneratedAssetSymbols.o
** BUILD FAILED **


The following build commands failed:
	CompileSwift normal arm64 (in target 'Hermes' from project 'Hermes')
	SwiftCompile normal arm64 Compiling\ AppDelegate.swift,\ AppState.swift,\ FloatingWindowController.swift,\ HotKeyManager.swift,\ OCRService.swift,\ ScreenshotService.swift,\ TranslationService.swift,\ AnnotationCanvas.swift,\ AnnotationModels.swift,\ HideScrollIndicators.swift,\ JapaneseColorPicker.swift,\ JapaneseColors.swift,\ ModernButton.swift,\ Theme.swift,\ VisualEffectBlur.swift,\ ScreenshotResultView.swift,\ TranslationView.swift,\ AboutSettingsView.swift,\ GeneralSettingsView.swift,\ ShortcutsSettingsView.swift,\ SettingsView.swift,\ SettingsWindowController.swift,\ ShortcutRecorder.swift,\ FloatingPanel.swift,\ RootView.swift,\ HermesApp.swift,\ GeneratedAssetSymbols.swift /Volumes/HAS2T/Project/HeraStudio/Hermes/Hermes/Core/AppDelegate.swift /Volumes/HAS2T/Project/HeraStudio/Hermes/Hermes/Core/AppState.swift /Volumes/HAS2T/Project/HeraStudio/Hermes/Hermes/Core/FloatingWindowController.swift /Volumes/HAS2T/Project/HeraStudio/Hermes/Hermes/Core/HotKeyManager.swift /Volumes/HAS2T/Project/HeraStudio/Hermes/Hermes/Features/OCRService.swift /Volumes/HAS2T/Project/HeraStudio/Hermes/Hermes/Features/ScreenshotService.swift /Volumes/HAS2T/Project/HeraStudio/Hermes/Hermes/Features/TranslationService.swift /Volumes/HAS2T/Project/HeraStudio/Hermes/Hermes/UI/Components/AnnotationCanvas.swift /Volumes/HAS2T/Project/HeraStudio/Hermes/Hermes/UI/Components/AnnotationModels.swift /Volumes/HAS2T/Project/HeraStudio/Hermes/Hermes/UI/Components/HideScrollIndicators.swift /Volumes/HAS2T/Project/HeraStudio/Hermes/Hermes/UI/Components/JapaneseColorPicker.swift /Volumes/HAS2T/Project/HeraStudio/Hermes/Hermes/UI/Components/JapaneseColors.swift /Volumes/HAS2T/Project/HeraStudio/Hermes/Hermes/UI/Components/ModernButton.swift /Volumes/HAS2T/Project/HeraStudio/Hermes/Hermes/UI/Components/Theme.swift /Volumes/HAS2T/Project/HeraStudio/Hermes/Hermes/UI/Components/VisualEffectBlur.swift /Volumes/HAS2T/Project/HeraStudio/Hermes/Hermes/UI/Main/ScreenshotResultView.swift /Volumes/HAS2T/Project/HeraStudio/Hermes/Hermes/UI/Main/TranslationView.swift /Volumes/HAS2T/Project/HeraStudio/Hermes/Hermes/UI/Settings/Tabs/AboutSettingsView.swift /Volumes/HAS2T/Project/HeraStudio/Hermes/Hermes/UI/Settings/Tabs/GeneralSettingsView.swift /Volumes/HAS2T/Project/HeraStudio/Hermes/Hermes/UI/Settings/Tabs/ShortcutsSettingsView.swift /Volumes/HAS2T/Project/HeraStudio/Hermes/Hermes/UI/Settings/SettingsView.swift /Volumes/HAS2T/Project/HeraStudio/Hermes/Hermes/UI/Settings/SettingsWindowController.swift /Volumes/HAS2T/Project/HeraStudio/Hermes/Hermes/UI/Settings/ShortcutRecorder.swift /Volumes/HAS2T/Project/HeraStudio/Hermes/Hermes/UI/FloatingPanel.swift /Volumes/HAS2T/Project/HeraStudio/Hermes/Hermes/UI/RootView.swift /Volumes/HAS2T/Project/HeraStudio/Hermes/Hermes/HermesApp.swift /Volumes/HAS2T/Project/HeraStudio/Hermes/build/DerivedData/Build/Intermediates.noindex/Hermes.build/Release/Hermes.build/DerivedSources/GeneratedAssetSymbols.swift /Applications/Xcode.app/Contents/Developer/Toolchains/XcodeDefault.xctoolchain/usr/lib/swift/macosx/prebuilt-modules/26.2/AudioToolbox.swiftmodule/arm64e-apple-macos.swiftmodule /Applications/Xcode.app/Contents/Developer/Toolchains/XcodeDefault.xctoolchain/usr/lib/swift/macosx/prebuilt-modules/26.2/Translation.swiftmodule/arm64e-apple-macos.swiftmodule /Applications/Xcode.app/Contents/Developer/Toolchains/XcodeDefault.xctoolchain/usr/lib/swift/macosx/prebuilt-modules/26.2/Combine.swiftmodule/arm64e-apple-macos.swiftmodule /Applications/Xcode.app/Contents/Developer/Toolchains/XcodeDefault.xctoolchain/usr/lib/swift/macosx/prebuilt-modules/26.2/simd.swiftmodule/arm64e-apple-macos.swiftmodule /Applications/Xcode.app/Contents/Developer/Toolchains/XcodeDefault.xctoolchain/usr/lib/swift/macosx/prebuilt-modules/26.2/_Builtin_float.swiftmodule/arm64e-apple-macos.swiftmodule /Applications/Xcode.app/Contents/Developer/Toolchains/XcodeDefault.xctoolchain/usr/lib/swift/macosx/prebuilt-modules/26.2/Observation.swiftmodule/arm64e-apple-macos.swiftmodule /Applications/Xcode.app/Contents/Developer/Toolchains/XcodeDefault.xctoolchain/usr/lib/swift/macosx/prebuilt-modules/26.2/SwiftUICore.swiftmodule/arm64e-apple-macos.swiftmodule /Applications/Xcode.app/Contents/Developer/Toolchains/XcodeDefault.xctoolchain/usr/lib/swift/macosx/prebuilt-modules/26.2/Spatial.swiftmodule/arm64e-apple-macos.swiftmodule /Applications/Xcode.app/Contents/Developer/Toolchains/XcodeDefault.xctoolchain/usr/lib/swift/macosx/prebuilt-modules/26.2/UniformTypeIdentifiers.swiftmodule/arm64e-apple-macos.swiftmodule /Applications/Xcode.app/Contents/Developer/Toolchains/XcodeDefault.xctoolchain/usr/lib/swift/macosx/prebuilt-modules/26.2/CoreText.swiftmodule/arm64e-apple-macos.swiftmodule /Applications/Xcode.app/Contents/Developer/Toolchains/XcodeDefault.xctoolchain/usr/lib/swift/macosx/prebuilt-modules/26.2/Dispatch.swiftmodule/arm64e-apple-macos.swiftmodule /Applications/Xcode.app/Contents/Developer/Toolchains/XcodeDefault.xctoolchain/usr/lib/swift/macosx/prebuilt-modules/26.2/AVFAudio.swiftmodule/arm64e-apple-macos.swiftmodule /Applications/Xcode.app/Contents/Developer/Toolchains/XcodeDefault.xctoolchain/usr/lib/swift/macosx/prebuilt-modules/26.2/DataDetection.swiftmodule/arm64e-apple-macos.swiftmodule /Applications/Xcode.app/Contents/Developer/Toolchains/XcodeDefault.xctoolchain/usr/lib/swift/macosx/prebuilt-modules/26.2/CoreGraphics.swiftmodule/arm64e-apple-macos.swiftmodule /Applications/Xcode.app/Contents/Developer/Toolchains/XcodeDefault.xctoolchain/usr/lib/swift/macosx/prebuilt-modules/26.2/CoreImage.swiftmodule/arm64e-apple-macos.swiftmodule /Applications/Xcode.app/Contents/Developer/Toolchains/XcodeDefault.xctoolchain/usr/lib/swift/macosx/prebuilt-modules/26.2/XPC.swiftmodule/arm64e-apple-macos.swiftmodule /Applications/Xcode.app/Contents/Developer/Toolchains/XcodeDefault.xctoolchain/usr/lib/swift/macosx/prebuilt-modules/26.2/CoreMedia.swiftmodule/arm64e-apple-macos.swiftmodule /Applications/Xcode.app/Contents/Developer/Toolchains/XcodeDefault.xctoolchain/usr/lib/swift/macosx/prebuilt-modules/26.2/NaturalLanguage.swiftmodule/arm64e-apple-macos.swiftmodule /Applications/Xcode.app/Contents/Developer/Toolchains/XcodeDefault.xctoolchain/usr/lib/swift/macosx/prebuilt-modules/26.2/CoreAudio.swiftmodule/arm64e-apple-macos.swiftmodule /Applications/Xcode.app/Contents/Developer/Toolchains/XcodeDefault.xctoolchain/usr/lib/swift/macosx/prebuilt-modules/26.2/SwiftUI.swiftmodule/arm64e-apple-macos.swiftmodule /Applications/Xcode.app/Contents/Developer/Toolchains/XcodeDefault.xctoolchain/usr/lib/swift/macosx/prebuilt-modules/26.2/_Translation_SwiftUI.swiftmodule/arm64e-apple-macos.swiftmodule /Applications/Xcode.app/Contents/Developer/Toolchains/XcodeDefault.xctoolchain/usr/lib/swift/macosx/prebuilt-modules/26.2/CoreVideo.swiftmodule/arm64e-apple-macos.swiftmodule /Applications/Xcode.app/Contents/Developer/Toolchains/XcodeDefault.xctoolchain/usr/lib/swift/macosx/prebuilt-modules/26.2/DeveloperToolsSupport.swiftmodule/arm64e-apple-macos.swiftmodule /Applications/Xcode.app/Contents/Developer/Toolchains/XcodeDefault.xctoolchain/usr/lib/swift/macosx/prebuilt-modules/26.2/Symbols.swiftmodule/arm64e-apple-macos.swiftmodule /Applications/Xcode.app/Contents/Developer/Toolchains/XcodeDefault.xctoolchain/usr/lib/swift/macosx/prebuilt-modules/26.2/Vision.swiftmodule/arm64e-apple-macos.swiftmodule /Applications/Xcode.app/Contents/Developer/Toolchains/XcodeDefault.xctoolchain/usr/lib/swift/macosx/prebuilt-modules/26.2/_DarwinFoundation1.swiftmodule/arm64e-apple-macos.swiftmodule /Applications/Xcode.app/Contents/Developer/Toolchains/XcodeDefault.xctoolchain/usr/lib/swift/macosx/prebuilt-modules/26.2/Darwin.swiftmodule/arm64e-apple-macos.swiftmodule /Applications/Xcode.app/Contents/Developer/Toolchains/XcodeDefault.xctoolchain/usr/lib/swift/macosx/prebuilt-modules/26.2/Accessibility.swiftmodule/arm64e-apple-macos.swiftmodule /Applications/Xcode.app/Contents/Developer/Toolchains/XcodeDefault.xctoolchain/usr/lib/swift/macosx/prebuilt-modules/26.2/ObjectiveC.swiftmodule/arm64e-apple-macos.swiftmodule /Applications/Xcode.app/Contents/Developer/Toolchains/XcodeDefault.xctoolchain/usr/lib/swift/macosx/prebuilt-modules/26.2/Synchronization.swiftmodule/arm64e-apple-macos.swiftmodule /Applications/Xcode.app/Contents/Developer/Toolchains/XcodeDefault.xctoolchain/usr/lib/swift/macosx/prebuilt-modules/26.2/IOKit.swiftmodule/arm64e-apple-macos.swiftmodule /Applications/Xcode.app/Contents/Developer/Toolchains/XcodeDefault.xctoolchain/usr/lib/swift/macosx/prebuilt-modules/26.2/AVFoundation.swiftmodule/arm64e-apple-macos.swiftmodule /Applications/Xcode.app/Contents/Developer/Toolchains/XcodeDefault.xctoolchain/usr/lib/swift/macosx/prebuilt-modules/26.2/CoreData.swiftmodule/arm64e-apple-macos.swiftmodule /Applications/Xcode.app/Contents/Developer/Toolchains/XcodeDefault.xctoolchain/usr/lib/swift/macosx/prebuilt-modules/26.2/_DarwinFoundation3.swiftmodule/arm64e-apple-macos.swiftmodule /Applications/Xcode.app/Contents/Developer/Toolchains/XcodeDefault.xctoolchain/usr/lib/swift/macosx/prebuilt-modules/26.2/Swift.swiftmodule/arm64e-apple-macos.swiftmodule /Applications/Xcode.app/Contents/Developer/Toolchains/XcodeDefault.xctoolchain/usr/lib/swift/macosx/prebuilt-modules/26.2/os.swiftmodule/arm64e-apple-macos.swiftmodule /Applications/Xcode.app/Contents/Developer/Toolchains/XcodeDefault.xctoolchain/usr/lib/swift/macosx/prebuilt-modules/26.2/CoreTransferable.swiftmodule/arm64e-apple-macos.swiftmodule /Applications/Xcode.app/Contents/Developer/Toolchains/XcodeDefault.xctoolchain/usr/lib/swift/macosx/prebuilt-modules/26.2/Foundation.swiftmodule/arm64e-apple-macos.swiftmodule /Applications/Xcode.app/Contents/Developer/Toolchains/XcodeDefault.xctoolchain/usr/lib/swift/macosx/prebuilt-modules/26.2/Metal.swiftmodule/arm64e-apple-macos.swiftmodule /Applications/Xcode.app/Contents/Developer/Toolchains/XcodeDefault.xctoolchain/usr/lib/swift/macosx/prebuilt-modules/26.2/CoreMIDI.swiftmodule/arm64e-apple-macos.swiftmodule /Applications/Xcode.app/Contents/Developer/Toolchains/XcodeDefault.xctoolchain/usr/lib/swift/macosx/prebuilt-modules/26.2/System.swiftmodule/arm64e-apple-macos.swiftmodule /Applications/Xcode.app/Contents/Developer/Toolchains/XcodeDefault.xctoolchain/usr/lib/swift/macosx/prebuilt-modules/26.2/AppKit.swiftmodule/arm64e-apple-macos.swiftmodule /Applications/Xcode.app/Contents/Developer/Toolchains/XcodeDefault.xctoolchain/usr/lib/swift/macosx/prebuilt-modules/26.2/_DarwinFoundation2.swiftmodule/arm64e-apple-macos.swiftmodule /Applications/Xcode.app/Contents/Developer/Toolchains/XcodeDefault.xctoolchain/usr/lib/swift/macosx/prebuilt-modules/26.2/_StringProcessing.swiftmodule/arm64e-apple-macos.swiftmodule /Applications/Xcode.app/Contents/Developer/Toolchains/XcodeDefault.xctoolchain/usr/lib/swift/macosx/prebuilt-modules/26.2/OSLog.swiftmodule/arm64e-apple-macos.swiftmodule /Applications/Xcode.app/Contents/Developer/Toolchains/XcodeDefault.xctoolchain/usr/lib/swift/macosx/prebuilt-modules/26.2/_Concurrency.swiftmodule/arm64e-apple-macos.swiftmodule /Applications/Xcode.app/Contents/Developer/Toolchains/XcodeDefault.xctoolchain/usr/lib/swift/macosx/prebuilt-modules/26.2/Accelerate.swiftmodule/arm64e-apple-macos.swiftmodule /Applications/Xcode.app/Contents/Developer/Toolchains/XcodeDefault.xctoolchain/usr/lib/swift/macosx/prebuilt-modules/26.2/CoreML.swiftmodule/arm64e-apple-macos.swiftmodule /Applications/Xcode.app/Contents/Developer/Toolchains/XcodeDefault.xctoolchain/usr/lib/swift/macosx/prebuilt-modules/26.2/CoreFoundation.swiftmodule/arm64e-apple-macos.swiftmodule /Applications/Xcode.app/Contents/Developer/Toolchains/XcodeDefault.xctoolchain/usr/lib/swift/macosx/prebuilt-modules/26.2/QuartzCore.swiftmodule/arm64e-apple-macos.swiftmodule /Volumes/HAS2T/Project/HeraStudio/Hermes/build/DerivedData/ModuleCache.noindex/CoreMIDI-811YU99ZEGR3F8ENXE8BW12BC.pcm /Volumes/HAS2T/Project/HeraStudio/Hermes/build/DerivedData/ModuleCache.noindex/AVFAudio-A3D296VML5908K8BSD6LWHW94.pcm /Volumes/HAS2T/Project/HeraStudio/Hermes/build/DerivedData/ModuleCache.noindex/CoreData-BNRFLFKO61A0IXTTH0QKXBYI0.pcm /Volumes/HAS2T/Project/HeraStudio/Hermes/build/DerivedData/ModuleCache.noindex/MediaToolbox-4ZF9TMJ0ILLFAXTROG4H1SDO4.pcm /Volumes/HAS2T/Project/HeraStudio/Hermes/build/DerivedData/ModuleCache.noindex/CoreML-CBUGT6RAHKBP77PS36LKJT8UN.pcm /Volumes/HAS2T/Project/HeraStudio/Hermes/build/DerivedData/ModuleCache.noindex/_Builtin_stdarg-F3YZ2JRQWHTOF78ZF1LTPK9JQ.pcm /Volumes/HAS2T/Project/HeraStudio/Hermes/build/DerivedData/ModuleCache.noindex/CoreVideo-42CZP8MIK6GNYWUQRJBU7A3IZ.pcm /Volumes/HAS2T/Project/HeraStudio/Hermes/build/DerivedData/ModuleCache.noindex/Spatial-4A5HCIKA4WSJIUHQKC8DU44I7.pcm /Volumes/HAS2T/Project/HeraStudio/Hermes/build/DerivedData/ModuleCache.noindex/_SwiftConcurrencyShims-7EOQKQL92GZX382KSBWSVT04R.pcm /Volumes/HAS2T/Project/HeraStudio/Hermes/build/DerivedData/ModuleCache.noindex/os-BGU1Q93AG8KZ70DCDB2N70YYM.pcm /Volumes/HAS2T/Project/HeraStudio/Hermes/build/DerivedData/ModuleCache.noindex/CoreMedia-63H7X2VA2MKI2AA937FN10979.pcm /Volumes/HAS2T/Project/HeraStudio/Hermes/build/DerivedData/ModuleCache.noindex/Accessibility-BF7E049WYORZ3QPG76HJIBLMX.pcm /Volumes/HAS2T/Project/HeraStudio/Hermes/build/DerivedData/ModuleCache.noindex/AudioToolbox-DWOVIZYYNQZ8VWRPNNII50907.pcm /Volumes/HAS2T/Project/HeraStudio/Hermes/build/DerivedData/ModuleCache.noindex/Security-26LDDEIO49EY79OZ61L86G5TQ.pcm /Volumes/HAS2T/Project/HeraStudio/Hermes/build/DerivedData/ModuleCache.noindex/_Builtin_limits-7IUELLTTYXXZRZOJDVDKV7EG0.pcm /Volumes/HAS2T/Project/HeraStudio/Hermes/build/DerivedData/ModuleCache.noindex/ptrauth-AV7AJMMXG989C9T99RXWO0FS3.pcm /Volumes/HAS2T/Project/HeraStudio/Hermes/build/DerivedData/ModuleCache.noindex/CoreAudioTypes-8L97TGX32LCDFH8DNPP9UN6GV.pcm /Volumes/HAS2T/Project/HeraStudio/Hermes/build/DerivedData/ModuleCache.noindex/_Builtin_tgmath-72VZV2JJVTAMMBL8ONSKXG4VF.pcm /Volumes/HAS2T/Project/HeraStudio/Hermes/build/DerivedData/ModuleCache.noindex/IOKit-C41ERS5MVJDAYQPM5WTGRYQ9O.pcm /Volumes/HAS2T/Project/HeraStudio/Hermes/build/DerivedData/ModuleCache.noindex/Metal-CJ81HT6UYASZQP4RQU2ZQAD8K.pcm /Volumes/HAS2T/Project/HeraStudio/Hermes/build/DerivedData/ModuleCache.noindex/ApplicationServices-7R6S8HHTE8Z63DTE8JI4C9UT5.pcm /Volumes/HAS2T/Project/HeraStudio/Hermes/build/DerivedData/ModuleCache.noindex/UniformTypeIdentifiers-B6JLSY323QY370HS05EE40V22.pcm /Volumes/HAS2T/Project/HeraStudio/Hermes/build/DerivedData/ModuleCache.noindex/launch-4K4W1JD64EPZWK67L41YKIONP.pcm /Volumes/HAS2T/Project/HeraStudio/Hermes/build/DerivedData/ModuleCache.noindex/Symbols-DC0ZWUCC65GYE6O4NTAWQ6Q8G.pcm /Volumes/HAS2T/Project/HeraStudio/Hermes/build/DerivedData/ModuleCache.noindex/Darwin-6EKVI8BAMR882RBJ72NQNUCYR.pcm /Volumes/HAS2T/Project/HeraStudio/Hermes/build/DerivedData/ModuleCache.noindex/CoreText-A15RVYITF707EVG1NYU7O7OJC.pcm /Volumes/HAS2T/Project/HeraStudio/Hermes/build/DerivedData/ModuleCache.noindex/os_object-1CPA2CEQCO4E1Y8H8ICKRTQ2A.pcm /Volumes/HAS2T/Project/HeraStudio/Hermes/build/DerivedData/ModuleCache.noindex/_DarwinFoundation3-99T3MVS9IDS9X2AONSQC6MCUR.pcm /Volumes/HAS2T/Project/HeraStudio/Hermes/build/DerivedData/ModuleCache.noindex/Translation-5RK2FFHKKPA15LSYQFS4CDJFC.pcm /Volumes/HAS2T/Project/HeraStudio/Hermes/build/DerivedData/ModuleCache.noindex/ColorSync-4Z1SDDXIEFZV3I0W4IABC52DZ.pcm /Volumes/HAS2T/Project/HeraStudio/Hermes/build/DerivedData/ModuleCache.noindex/ServiceManagement-1WP1WQLKTY736EEFOX74DVVUB.pcm /Volumes/HAS2T/Project/HeraStudio/Hermes/build/DerivedData/ModuleCache.noindex/ObjectiveC-DR48A3TU9EVBA3YPPEQLETIDG.pcm /Volumes/HAS2T/Project/HeraStudio/Hermes/build/DerivedData/ModuleCache.noindex/_Builtin_stdatomic-40QSDQU2WKQ17234MWWKK1UZG.pcm /Volumes/HAS2T/Project/HeraStudio/Hermes/build/DerivedData/ModuleCache.noindex/CoreServices-3PUXQ0MOREZ5ERPTRHN87D0OL.pcm /Volumes/HAS2T/Project/HeraStudio/Hermes/build/DerivedData/ModuleCache.noindex/_Builtin_inttypes-57NF086VR0HXAY4YLPY5ZEU3G.pcm /Volumes/HAS2T/Project/HeraStudio/Hermes/build/DerivedData/ModuleCache.noindex/OSLog-CP9G8R38ELW8EAPCN3T8CA32P.pcm /Volumes/HAS2T/Project/HeraStudio/Hermes/build/DerivedData/ModuleCache.noindex/_Builtin_stdbool-C720VVS5WNYDV1UXOHOD2TQIR.pcm /Volumes/HAS2T/Project/HeraStudio/Hermes/build/DerivedData/ModuleCache.noindex/CoreGraphics-6RNL5768FOJJN6MKT7HV076WV.pcm /Volumes/HAS2T/Project/HeraStudio/Hermes/build/DerivedData/ModuleCache.noindex/CoreAudio-CBKJ0F6DVDX9KOVE2SHKTHYBH.pcm /Volumes/HAS2T/Project/HeraStudio/Hermes/build/DerivedData/ModuleCache.noindex/os_workgroup-755KJS0Y26IOC477T3GA98V6I.pcm /Volumes/HAS2T/Project/HeraStudio/Hermes/build/DerivedData/ModuleCache.noindex/Vision-E5PSR2E8M8IELXALR8IWWVWRI.pcm /Volumes/HAS2T/Project/HeraStudio/Hermes/build/DerivedData/ModuleCache.noindex/MachO-C0ULKPBC6BD43ZKF75IYOBEZB.pcm /Volumes/HAS2T/Project/HeraStudio/Hermes/build/DerivedData/ModuleCache.noindex/Foundation-4V846K4LIJOUP9KRQR3PS707N.pcm /Volumes/HAS2T/Project/HeraStudio/Hermes/build/DerivedData/ModuleCache.noindex/SwiftUI-81B8550BLJRGFERGGR2XRRFAF.pcm /Volumes/HAS2T/Project/HeraStudio/Hermes/build/DerivedData/ModuleCache.noindex/_Builtin_float-CZ9U3TF43XGLQD39IG0IBA9OZ.pcm /Volumes/HAS2T/Project/HeraStudio/Hermes/build/DerivedData/ModuleCache.noindex/AppKit-6CF3WXYXQ5A0INJWFPRV31KU.pcm /Volumes/HAS2T/Project/HeraStudio/Hermes/build/DerivedData/ModuleCache.noindex/SwiftUICore-6HKBIK2GS2SYRWES0WP247HJY.pcm /Volumes/HAS2T/Project/HeraStudio/Hermes/build/DerivedData/ModuleCache.noindex/AVFoundation-2ILW1SXVRYXBDWHODTOB4MRLS.pcm /Volumes/HAS2T/Project/HeraStudio/Hermes/build/DerivedData/ModuleCache.noindex/NaturalLanguage-5CXMPEHXUFT3KCBDSSFYZX5R5.pcm /Volumes/HAS2T/Project/HeraStudio/Hermes/build/DerivedData/ModuleCache.noindex/_Builtin_stdint-6SX9O7GKQB8MSJ6QJ63PXG1H6.pcm /Volumes/HAS2T/Project/HeraStudio/Hermes/build/DerivedData/ModuleCache.noindex/ImageIO-DQGSGQWYTJX0IGZYMGWCUFH1Z.pcm /Volumes/HAS2T/Project/HeraStudio/Hermes/build/DerivedData/ModuleCache.noindex/Dispatch-7QSUC5JNNVIPP4WFQ21LPBUJE.pcm /Volumes/HAS2T/Project/HeraStudio/Hermes/build/DerivedData/ModuleCache.noindex/CoreImage-3QSK0D0MGLN5NFS764XS4XMDS.pcm /Volumes/HAS2T/Project/HeraStudio/Hermes/build/DerivedData/ModuleCache.noindex/CoreFoundation-EKV6G8AHZEQNUBIAT2O04Q1O3.pcm /Volumes/HAS2T/Project/HeraStudio/Hermes/build/DerivedData/ModuleCache.noindex/_AvailabilityInternal-2MA9JDY0RKNKR3A92AMR5IYDG.pcm /Volumes/HAS2T/Project/HeraStudio/Hermes/build/DerivedData/ModuleCache.noindex/SwiftShims-9YH4T5UA09KNZPUZ1Q76JMA8.pcm /Volumes/HAS2T/Project/HeraStudio/Hermes/build/DerivedData/ModuleCache.noindex/DeveloperToolsSupport-2E9QMTROAEG5YRVU4OT2P4BGM.pcm /Volumes/HAS2T/Project/HeraStudio/Hermes/build/DerivedData/ModuleCache.noindex/_DarwinFoundation1-9E7TSR70RX8PM902XAVV8923F.pcm /Volumes/HAS2T/Project/HeraStudio/Hermes/build/DerivedData/ModuleCache.noindex/_DarwinFoundation2-9BV3IHV9KJGF331IQW2R2FBX.pcm /Volumes/HAS2T/Project/HeraStudio/Hermes/build/DerivedData/ModuleCache.noindex/CUPS-171Q25NJYCGDIGIXJ1AOU2JR9.pcm /Volumes/HAS2T/Project/HeraStudio/Hermes/build/DerivedData/ModuleCache.noindex/QuartzCore-CHTQ4WWRT2201EB6RYF71HBVV.pcm /Volumes/HAS2T/Project/HeraStudio/Hermes/build/DerivedData/ModuleCache.noindex/Accelerate-1H2JJHDVF7HUMZDJGAHITKMU0.pcm /Volumes/HAS2T/Project/HeraStudio/Hermes/build/DerivedData/ModuleCache.noindex/_Builtin_stddef-AJ5ODPFU10ZDS3HV5NR4GY3PB.pcm /Volumes/HAS2T/Project/HeraStudio/Hermes/build/DerivedData/ModuleCache.noindex/_Builtin_intrinsics-CNDPRUC3IUNGAI7NAPWOU9L84.pcm /Volumes/HAS2T/Project/HeraStudio/Hermes/build/DerivedData/ModuleCache.noindex/simd-27335NFZPXYQRILTLKUM7V7H6.pcm /Volumes/HAS2T/Project/HeraStudio/Hermes/build/DerivedData/ModuleCache.noindex/Carbon-2J7U4OZPP66DN14FBR8KFQ5ZZ.pcm /Volumes/HAS2T/Project/HeraStudio/Hermes/build/DerivedData/ModuleCache.noindex/libkern-6IBSJRWUHHALH6QJV3L9V4OQV.pcm /Volumes/HAS2T/Project/HeraStudio/Hermes/build/DerivedData/ModuleCache.noindex/sys_types-5WD6SJUNXWNAO9OLCT2K8Y2CU.pcm /Volumes/HAS2T/Project/HeraStudio/Hermes/build/DerivedData/ModuleCache.noindex/libDER-DM6PYCV5SXV1476OST2638DAI.pcm /Volumes/HAS2T/Project/HeraStudio/Hermes/build/DerivedData/ModuleCache.noindex/ptrcheck-E7OCI9GVGBWEHQWTOF4I9MYM9.pcm /Volumes/HAS2T/Project/HeraStudio/Hermes/build/DerivedData/ModuleCache.noindex/IOSurface-1W1K7RN2DQHEC08ITXO9CI92G.pcm /Volumes/HAS2T/Project/HeraStudio/Hermes/build/DerivedData/ModuleCache.noindex/Cocoa-4H3WRGQPE7GOC54ZNUT40SID1.pcm /Volumes/HAS2T/Project/HeraStudio/Hermes/build/DerivedData/ModuleCache.noindex/CoreTransferable-CKYH8JOBJ1WXHE7UAJX7QFCL0.pcm /Volumes/HAS2T/Project/HeraStudio/Hermes/build/DerivedData/ModuleCache.noindex/DataDetection-19EVC514AOQ8GR1XJUPE2Z6NB.pcm /Volumes/HAS2T/Project/HeraStudio/Hermes/build/DerivedData/ModuleCache.noindex/XPC-CPLU8XCKE5X4GFN88JBLH57JP.pcm /Volumes/HAS2T/Project/HeraStudio/Hermes/build/DerivedData/ModuleCache.noindex/OpenGL-2AF4525G1FO3CJ48Z23FMRX9L.pcm /Volumes/HAS2T/Project/HeraStudio/Hermes/build/DerivedData/ModuleCache.noindex/DiskArbitration-33Q8TCNPIX9RF0Z6V97NNSUUL.pcm /Volumes/HAS2T/Project/HeraStudio/Hermes/build/DerivedData/ModuleCache.noindex/CFNetwork-9UF6P8YDVQ5YACTEYK1WCCV1V.pcm /Volumes/HAS2T/Project/HeraStudio/Hermes/build/DerivedData/Build/Intermediates.noindex/Hermes.build/Release/Hermes.build/Objects-normal/arm64/Hermes-dependencies-1.json (in target 'Hermes' from project 'Hermes')
	Building project Hermes with scheme Hermes and configuration Release
(3 failures)
